[batch-A] resuming/starting from 0/10000; running 10000 pending games (concurrency=8, stop_after=None)
[batch-A] 64/10000 games (64 this session, 0.5s, 0.008s/game)
[batch-A] 128/10000 games (128 this session, 0.7s, 0.006s/game)
[batch-A] 192/10000 games (192 this session, 0.9s, 0.005s/game)
[batch-A] 256/10000 games (256 this session, 1.2s, 0.005s/game)
[batch-A] 320/10000 games (320 this session, 1.4s, 0.004s/game)
[batch-A] 384/10000 games (384 this session, 1.6s, 0.004s/game)
[batch-A] 448/10000 games (448 this session, 1.8s, 0.004s/game)
[batch-A] 512/10000 games (512 this session, 2.0s, 0.004s/game)
[batch-A] 576/10000 games (576 this session, 2.2s, 0.004s/game)
[batch-A] 640/10000 games (640 this session, 2.4s, 0.004s/game)
[batch-A] 704/10000 games (704 this session, 2.7s, 0.004s/game)
[batch-A] 768/10000 games (768 this session, 3.1s, 0.004s/game)
[batch-A] 832/10000 games (832 this session, 3.4s, 0.004s/game)
[batch-A] 896/10000 games (896 this session, 3.8s, 0.004s/game)
[batch-A] 960/10000 games (960 this session, 4.2s, 0.004s/game)
[batch-A] 1024/10000 games (1024 this session, 4.5s, 0.004s/game)
[batch-A] 1088/10000 games (1088 this session, 4.9s, 0.004s/game)
[batch-A] 1152/10000 games (1152 this session, 5.2s, 0.005s/game)
[batch-A] 1216/10000 games (1216 this session, 5.6s, 0.005s/game)
[batch-A] 1280/10000 games (1280 this session, 5.9s, 0.005s/game)
[batch-A] 1344/10000 games (1344 this session, 6.2s, 0.005s/game)
[batch-A] 1408/10000 games (1408 this session, 6.5s, 0.005s/game)
[batch-A] 1472/10000 games (1472 this session, 6.9s, 0.005s/game)
[batch-A] 1536/10000 games (1536 this session, 7.3s, 0.005s/game)
[batch-A] 1600/10000 games (1600 this session, 7.6s, 0.005s/game)
[batch-A] 1664/10000 games (1664 this session, 7.9s, 0.005s/game)
[batch-A] 1728/10000 games (1728 this session, 8.3s, 0.005s/game)
[batch-A] 1792/10000 games (1792 this session, 8.8s, 0.005s/game)
[batch-A] 1856/10000 games (1856 this session, 9.1s, 0.005s/game)
[batch-A] 1920/10000 games (1920 this session, 9.5s, 0.005s/game)
[batch-A] 1984/10000 games (1984 this session, 9.9s, 0.005s/game)
[batch-A] 2048/10000 games (2048 this session, 10.2s, 0.005s/game)
[batch-A] 2112/10000 games (2112 this session, 10.6s, 0.005s/game)
[batch-A] 2176/10000 games (2176 this session, 10.9s, 0.005s/game)
[batch-A] 2240/10000 games (2240 this session, 11.2s, 0.005s/game)
[batch-A] 2304/10000 games (2304 this session, 11.6s, 0.005s/game)
[batch-A] 2368/10000 games (2368 this session, 11.9s, 0.005s/game)
[batch-A] 2432/10000 games (2432 this session, 12.2s, 0.005s/game)
[batch-A] 2496/10000 games (2496 this session, 12.6s, 0.005s/game)
[batch-A] 2560/10000 games (2560 this session, 12.9s, 0.005s/game)
[batch-A] 2624/10000 games (2624 this session, 13.3s, 0.005s/game)
[batch-A] 2688/10000 games (2688 this session, 13.6s, 0.005s/game)
[batch-A] 2752/10000 games (2752 this session, 14.0s, 0.005s/game)
[batch-A] 2816/10000 games (2816 this session, 14.3s, 0.005s/game)
[batch-A] 2880/10000 games (2880 this session, 14.7s, 0.005s/game)
[batch-A] 2944/10000 games (2944 this session, 15.1s, 0.005s/game)
[batch-A] 3008/10000 games (3008 this session, 15.4s, 0.005s/game)
[batch-A] 3072/10000 games (3072 this session, 15.7s, 0.005s/game)
[batch-A] 3136/10000 games (3136 this session, 16.1s, 0.005s/game)
[batch-A] 3200/10000 games (3200 this session, 16.4s, 0.005s/game)
[batch-A] 3264/10000 games (3264 this session, 16.8s, 0.005s/game)
[batch-A] 3328/10000 games (3328 this session, 17.1s, 0.005s/game)
[batch-A] 3392/10000 games (3392 this session, 17.5s, 0.005s/game)
[batch-A] 3456/10000 games (3456 this session, 17.8s, 0.005s/game)
[batch-A] 3520/10000 games (3520 this session, 18.2s, 0.005s/game)
[batch-A] 3584/10000 games (3584 this session, 18.6s, 0.005s/game)
[batch-A] 3648/10000 games (3648 this session, 18.9s, 0.005s/game)
[batch-A] 3712/10000 games (3712 this session, 19.3s, 0.005s/game)
[batch-A] 3776/10000 games (3776 this session, 19.7s, 0.005s/game)
[batch-A] 3840/10000 games (3840 this session, 20.1s, 0.005s/game)
[batch-A] 3904/10000 games (3904 this session, 20.4s, 0.005s/game)
[batch-A] 3968/10000 games (3968 this session, 20.8s, 0.005s/game)
[batch-A] 4032/10000 games (4032 this session, 21.1s, 0.005s/game)
[batch-A] 4096/10000 games (4096 this session, 21.5s, 0.005s/game)
[batch-A] 4160/10000 games (4160 this session, 21.9s, 0.005s/game)
[batch-A] 4224/10000 games (4224 this session, 22.2s, 0.005s/game)
[batch-A] 4288/10000 games (4288 this session, 22.6s, 0.005s/game)
[batch-A] 4352/10000 games (4352 this session, 22.9s, 0.005s/game)
[batch-A] 4416/10000 games (4416 this session, 23.3s, 0.005s/game)
[batch-A] 4480/10000 games (4480 this session, 23.6s, 0.005s/game)
[batch-A] 4544/10000 games (4544 this session, 24.0s, 0.005s/game)
[batch-A] 4608/10000 games (4608 this session, 24.3s, 0.005s/game)
[batch-A] 4672/10000 games (4672 this session, 24.7s, 0.005s/game)
[batch-A] 4736/10000 games (4736 this session, 25.1s, 0.005s/game)
[batch-A] 4800/10000 games (4800 this session, 25.4s, 0.005s/game)
[batch-A] 4864/10000 games (4864 this session, 25.8s, 0.005s/game)
[batch-A] 4928/10000 games (4928 this session, 26.2s, 0.005s/game)
[batch-A] 4992/10000 games (4992 this session, 26.6s, 0.005s/game)
[batch-A] 5056/10000 games (5056 this session, 26.9s, 0.005s/game)
[batch-A] 5120/10000 games (5120 this session, 27.4s, 0.005s/game)
[batch-A] 5184/10000 games (5184 this session, 27.7s, 0.005s/game)
[batch-A] 5248/10000 games (5248 this session, 28.1s, 0.005s/game)
[batch-A] 5312/10000 games (5312 this session, 28.4s, 0.005s/game)
[batch-A] 5376/10000 games (5376 this session, 28.7s, 0.005s/game)
[batch-A] 5440/10000 games (5440 this session, 29.0s, 0.005s/game)
[batch-A] 5504/10000 games (5504 this session, 29.4s, 0.005s/game)
[batch-A] 5568/10000 games (5568 this session, 29.7s, 0.005s/game)
[batch-A] 5632/10000 games (5632 this session, 30.1s, 0.005s/game)
[batch-A] 5696/10000 games (5696 this session, 30.5s, 0.005s/game)
[batch-A] 5760/10000 games (5760 this session, 30.9s, 0.005s/game)
[batch-A] 5824/10000 games (5824 this session, 31.3s, 0.005s/game)
[batch-A] 5888/10000 games (5888 this session, 31.6s, 0.005s/game)
[batch-A] 5952/10000 games (5952 this session, 31.9s, 0.005s/game)
[batch-A] 6016/10000 games (6016 this session, 32.3s, 0.005s/game)
[batch-A] 6080/10000 games (6080 this session, 32.7s, 0.005s/game)
[batch-A] 6144/10000 games (6144 this session, 33.1s, 0.005s/game)
[batch-A] 6208/10000 games (6208 this session, 33.4s, 0.005s/game)
[batch-A] 6272/10000 games (6272 this session, 33.8s, 0.005s/game)
[batch-A] 6336/10000 games (6336 this session, 34.2s, 0.005s/game)
[batch-A] 6400/10000 games (6400 this session, 34.5s, 0.005s/game)
[batch-A] 6464/10000 games (6464 this session, 34.8s, 0.005s/game)
[batch-A] 6528/10000 games (6528 this session, 35.2s, 0.005s/game)
[batch-A] 6592/10000 games (6592 this session, 35.5s, 0.005s/game)
[batch-A] 6656/10000 games (6656 this session, 35.9s, 0.005s/game)
[batch-A] 6720/10000 games (6720 this session, 36.2s, 0.005s/game)
[batch-A] 6784/10000 games (6784 this session, 36.6s, 0.005s/game)
[batch-A] 6848/10000 games (6848 this session, 37.0s, 0.005s/game)
[batch-A] 6912/10000 games (6912 this session, 37.3s, 0.005s/game)
[batch-A] 6976/10000 games (6976 this session, 37.7s, 0.005s/game)
[batch-A] 7040/10000 games (7040 this session, 38.0s, 0.005s/game)
[batch-A] 7104/10000 games (7104 this session, 38.4s, 0.005s/game)
[batch-A] 7168/10000 games (7168 this session, 38.8s, 0.005s/game)
[batch-A] 7232/10000 games (7232 this session, 39.2s, 0.005s/game)
[batch-A] 7296/10000 games (7296 this session, 39.5s, 0.005s/game)
[batch-A] 7360/10000 games (7360 this session, 39.9s, 0.005s/game)
[batch-A] 7424/10000 games (7424 this session, 40.2s, 0.005s/game)
[batch-A] 7488/10000 games (7488 this session, 40.6s, 0.005s/game)
[batch-A] 7552/10000 games (7552 this session, 40.9s, 0.005s/game)
[batch-A] 7616/10000 games (7616 this session, 41.3s, 0.005s/game)
[batch-A] 7680/10000 games (7680 this session, 41.7s, 0.005s/game)
[batch-A] 7744/10000 games (7744 this session, 42.0s, 0.005s/game)
[batch-A] 7808/10000 games (7808 this session, 42.4s, 0.005s/game)
[batch-A] 7872/10000 games (7872 this session, 42.8s, 0.005s/game)
[batch-A] 7936/10000 games (7936 this session, 43.2s, 0.005s/game)
[batch-A] 8000/10000 games (8000 this session, 43.6s, 0.005s/game)
[batch-A] 8064/10000 games (8064 this session, 43.9s, 0.005s/game)
[batch-A] 8128/10000 games (8128 this session, 44.3s, 0.005s/game)
[batch-A] 8192/10000 games (8192 this session, 44.7s, 0.005s/game)
[batch-A] 8256/10000 games (8256 this session, 45.0s, 0.005s/game)
[batch-A] 8320/10000 games (8320 this session, 45.4s, 0.005s/game)
[batch-A] 8384/10000 games (8384 this session, 45.7s, 0.005s/game)
[batch-A] 8448/10000 games (8448 this session, 46.0s, 0.005s/game)
[batch-A] 8512/10000 games (8512 this session, 46.3s, 0.005s/game)
[batch-A] 8576/10000 games (8576 this session, 46.7s, 0.005s/game)
[batch-A] 8640/10000 games (8640 this session, 47.0s, 0.005s/game)
[batch-A] 8704/10000 games (8704 this session, 47.4s, 0.005s/game)
[batch-A] 8768/10000 games (8768 this session, 47.8s, 0.005s/game)
[batch-A] 8832/10000 games (8832 this session, 48.1s, 0.005s/game)
[batch-A] 8896/10000 games (8896 this session, 48.5s, 0.005s/game)
[batch-A] 8960/10000 games (8960 this session, 48.9s, 0.005s/game)
[batch-A] 9024/10000 games (9024 this session, 49.3s, 0.005s/game)
[batch-A] 9088/10000 games (9088 this session, 49.7s, 0.005s/game)
[batch-A] 9152/10000 games (9152 this session, 50.1s, 0.005s/game)
[batch-A] 9216/10000 games (9216 this session, 50.4s, 0.005s/game)
[batch-A] 9280/10000 games (9280 this session, 50.8s, 0.005s/game)
[batch-A] 9344/10000 games (9344 this session, 51.1s, 0.005s/game)
[batch-A] 9408/10000 games (9408 this session, 51.5s, 0.005s/game)
[batch-A] 9472/10000 games (9472 this session, 51.8s, 0.005s/game)
[batch-A] 9536/10000 games (9536 this session, 52.2s, 0.005s/game)
[batch-A] 9600/10000 games (9600 this session, 52.5s, 0.005s/game)
[batch-A] 9664/10000 games (9664 this session, 52.9s, 0.005s/game)
[batch-A] 9728/10000 games (9728 this session, 53.3s, 0.005s/game)
[batch-A] 9792/10000 games (9792 this session, 53.7s, 0.005s/game)
[batch-A] 9856/10000 games (9856 this session, 54.0s, 0.005s/game)
[batch-A] 9920/10000 games (9920 this session, 54.4s, 0.005s/game)
[batch-A] 9984/10000 games (9984 this session, 54.8s, 0.005s/game)
[batch-A] completed 10000/10000 games; generating summary + full replay.

================ summary ================
games: 10000 | distinct openings: 9985
  LOSE/LOSE random/none vs random/none | n=2500 winB=0.414 goalB=0.586 goalW=0.414 len(mean/med)=37.72/35.00 dblpass=0.993 movelimit=0.007
  LOSE/WIN  random/none vs random/none | n=2500 winB=0.388 goalB=0.612 goalW=0.612 len(mean/med)=38.58/35.00 dblpass=0.989 movelimit=0.011
  WIN /LOSE random/none vs random/none | n=2500 winB=0.399 goalB=0.399 goalW=0.399 len(mean/med)=37.62/34.00 dblpass=0.985 movelimit=0.015
  WIN /WIN  random/none vs random/none | n=2500 winB=0.389 goalB=0.389 goalW=0.611 len(mean/med)=37.65/34.00 dblpass=0.989 movelimit=0.011
  length mixed-vs-same ['random', 'none', 'random', 'none']: mixed_mean=38.10 same_mean=37.69 diff=+0.41 95%CI=[-0.26,+1.08] (n=5000/5000)
  opening len  4: used=9971 unique=9842 top1_share=0.000
  opening len  8: used=9894 unique=9894 top1_share=0.000
  opening len 12: used=9780 unique=9780 top1_share=0.000
  openings[WIN_vs_WIN  ] n=2500 used=2470 unique=2470 top1_share=0.000
  openings[LOSE_vs_LOSE] n=2500 used=2474 unique=2474 top1_share=0.000
  openings[WIN_vs_LOSE ] n=2500 used=2471 unique=2471 top1_share=0.000
  openings[LOSE_vs_WIN ] n=2500 used=2479 unique=2479 top1_share=0.000
  openings[same_identity] n=5000 used=4944 unique=4944 top1_share=0.000
  openings[mixed_identity] n=5000 used=4950 unique=4950 top1_share=0.000
summary files written under outputs/batch_A_seed0\summary

[replay] 10000/10000 saved games replay exactly; 0 failed
